
Merging program properties

Removed property 0xc0000002 to merge /usr/lib64/gcc/x86_64-suse-linux/13/../../../../lib64/crt1.o (0x3) and main.o (not found)
Removed property 0xc0000002 to merge /usr/lib64/gcc/x86_64-suse-linux/13/../../../../lib64/crt1.o (not found) and /usr/lib64/gcc/x86_64-suse-linux/13/crtend.o (0x3)
Removed property 0xc0000002 to merge /usr/lib64/gcc/x86_64-suse-linux/13/../../../../lib64/crt1.o (not found) and /usr/lib64/gcc/x86_64-suse-linux/13/../../../../lib64/crtn.o (0x3)

Discarded input sections

 .note.GNU-stack
                0x0000000000000000        0x0 /usr/lib64/gcc/x86_64-suse-linux/13/../../../../lib64/crt1.o
 .note.gnu.property
                0x0000000000000000       0x50 /usr/lib64/gcc/x86_64-suse-linux/13/../../../../lib64/crti.o
 .note.GNU-stack
                0x0000000000000000        0x0 /usr/lib64/gcc/x86_64-suse-linux/13/../../../../lib64/crti.o
 .note.GNU-stack
                0x0000000000000000        0x0 /usr/lib64/gcc/x86_64-suse-linux/13/crtbegin.o
 .note.gnu.property
                0x0000000000000000       0x50 /usr/lib64/gcc/x86_64-suse-linux/13/crtbegin.o
 .group         0x0000000000000000        0x8 main.o
 .group         0x0000000000000000        0x8 main.o
 .group         0x0000000000000000        0x8 main.o
 .group         0x0000000000000000        0xc main.o
 .group         0x0000000000000000        0xc main.o
 .group         0x0000000000000000        0xc main.o
 .group         0x0000000000000000        0xc main.o
 .group         0x0000000000000000        0xc main.o
 .group         0x0000000000000000        0xc main.o
 .group         0x0000000000000000        0xc main.o
 .group         0x0000000000000000        0xc main.o
 .group         0x0000000000000000        0xc main.o
 .group         0x0000000000000000        0xc main.o
 .group         0x0000000000000000        0xc main.o
 .group         0x0000000000000000        0xc main.o
 .group         0x0000000000000000        0xc main.o
 .group         0x0000000000000000        0xc main.o
 .group         0x0000000000000000        0xc main.o
 .group         0x0000000000000000        0x8 main.o
 .group         0x0000000000000000        0x8 main.o
 .group         0x0000000000000000        0xc main.o
 .group         0x0000000000000000        0x8 main.o
 .group         0x0000000000000000        0x8 main.o
 .group         0x0000000000000000        0xc main.o
 .group         0x0000000000000000        0x8 main.o
 .group         0x0000000000000000        0x8 main.o
 .group         0x0000000000000000        0x8 main.o
 .group         0x0000000000000000        0xc main.o
 .group         0x0000000000000000        0xc main.o
 .group         0x0000000000000000        0xc main.o
 .group         0x0000000000000000        0x8 main.o
 .group         0x0000000000000000        0x8 main.o
 .group         0x0000000000000000        0x8 main.o
 .group         0x0000000000000000        0xc main.o
 .group         0x0000000000000000        0x8 main.o
 .group         0x0000000000000000        0x8 main.o
 .group         0x0000000000000000        0xc main.o
 .group         0x0000000000000000        0x8 main.o
 .group         0x0000000000000000        0x8 main.o
 .group         0x0000000000000000        0x8 main.o
 .group         0x0000000000000000        0xc main.o
 .group         0x0000000000000000        0x8 main.o
 .group         0x0000000000000000        0xc main.o
 .group         0x0000000000000000        0xc main.o
 .group         0x0000000000000000        0xc main.o
 .group         0x0000000000000000        0xc main.o
 .group         0x0000000000000000        0xc main.o
 .group         0x0000000000000000        0xc main.o
 .group         0x0000000000000000        0xc main.o
 .group         0x0000000000000000        0x8 main.o
 .group         0x0000000000000000        0x8 main.o
 .group         0x0000000000000000        0xc main.o
 .group         0x0000000000000000        0xc main.o
 .group         0x0000000000000000        0xc main.o
 .group         0x0000000000000000        0x8 main.o
 .group         0x0000000000000000        0xc main.o
 .group         0x0000000000000000        0x8 main.o
 .group         0x0000000000000000        0xc main.o
 .group         0x0000000000000000        0x8 main.o
 .group         0x0000000000000000        0xc main.o
 .group         0x0000000000000000        0x8 main.o
 .note.GNU-stack
                0x0000000000000000        0x0 main.o
 .note.gnu.property
                0x0000000000000000       0x30 main.o
 .note.GNU-stack
                0x0000000000000000        0x0 /usr/lib64/gcc/x86_64-suse-linux/13/crtend.o
 .note.gnu.property
                0x0000000000000000       0x50 /usr/lib64/gcc/x86_64-suse-linux/13/crtend.o
 .note.gnu.property
                0x0000000000000000       0x50 /usr/lib64/gcc/x86_64-suse-linux/13/../../../../lib64/crtn.o
 .note.GNU-stack
                0x0000000000000000        0x0 /usr/lib64/gcc/x86_64-suse-linux/13/../../../../lib64/crtn.o

Memory Configuration

Name             Origin             Length             Attributes
*default*        0x0000000000000000 0xffffffffffffffff

Linker script and memory map

LOAD /usr/lib64/gcc/x86_64-suse-linux/13/../../../../lib64/crt1.o
LOAD /usr/lib64/gcc/x86_64-suse-linux/13/../../../../lib64/crti.o
LOAD /usr/lib64/gcc/x86_64-suse-linux/13/crtbegin.o
LOAD main.o
LOAD /usr/lib64/gcc/x86_64-suse-linux/13/libstdc++.so
LOAD /usr/lib64/gcc/x86_64-suse-linux/13/../../../../lib64/libm.so
START GROUP
LOAD /lib64/libm.so.6
LOAD /lib64/libmvec.so.1
END GROUP
LOAD /usr/lib64/gcc/x86_64-suse-linux/13/libgcc_s.so
START GROUP
LOAD /usr/lib64/gcc/x86_64-suse-linux/13/../../../../lib64/libgcc_s.so.1
LOAD /usr/lib64/gcc/x86_64-suse-linux/13/libgcc.a
END GROUP
LOAD /usr/lib64/gcc/x86_64-suse-linux/13/libgcc.a
LOAD /usr/lib64/gcc/x86_64-suse-linux/13/../../../../lib64/libc.so
START GROUP
LOAD /lib64/libc.so.6
LOAD /usr/lib64/libc_nonshared.a
LOAD /lib64/ld-linux-x86-64.so.2
END GROUP
LOAD /usr/lib64/gcc/x86_64-suse-linux/13/libgcc_s.so
START GROUP
LOAD /usr/lib64/gcc/x86_64-suse-linux/13/../../../../lib64/libgcc_s.so.1
LOAD /usr/lib64/gcc/x86_64-suse-linux/13/libgcc.a
END GROUP
LOAD /usr/lib64/gcc/x86_64-suse-linux/13/libgcc.a
LOAD /usr/lib64/gcc/x86_64-suse-linux/13/crtend.o
LOAD /usr/lib64/gcc/x86_64-suse-linux/13/../../../../lib64/crtn.o
                [!provide]                        PROVIDE (__executable_start = SEGMENT_START ("text-segment", 0x400000))
                0x0000000000400318                . = (SEGMENT_START ("text-segment", 0x400000) + SIZEOF_HEADERS)

.interp         0x0000000000400318       0x1c
 *(.interp)
 .interp        0x0000000000400318       0x1c /usr/lib64/gcc/x86_64-suse-linux/13/../../../../lib64/crt1.o

.note.gnu.property
                0x0000000000400338       0x40
 .note.gnu.property
                0x0000000000400338       0x40 /usr/lib64/gcc/x86_64-suse-linux/13/../../../../lib64/crt1.o

.note.gnu.build-id
                0x0000000000400378       0x24
 *(.note.gnu.build-id)
 .note.gnu.build-id
                0x0000000000400378       0x24 /usr/lib64/gcc/x86_64-suse-linux/13/../../../../lib64/crt1.o

.note.ABI-tag   0x000000000040039c       0x20
 .note.ABI-tag  0x000000000040039c       0x20 /usr/lib64/gcc/x86_64-suse-linux/13/../../../../lib64/crt1.o

.hash           0x00000000004003c0      0x170
 *(.hash)
 .hash          0x00000000004003c0      0x170 /usr/lib64/gcc/x86_64-suse-linux/13/../../../../lib64/crt1.o

.gnu.hash       0x0000000000400530       0x38
 *(.gnu.hash)
 .gnu.hash      0x0000000000400530       0x38 /usr/lib64/gcc/x86_64-suse-linux/13/../../../../lib64/crt1.o

.dynsym         0x0000000000400568      0x4f8
 *(.dynsym)
 .dynsym        0x0000000000400568      0x4f8 /usr/lib64/gcc/x86_64-suse-linux/13/../../../../lib64/crt1.o

.dynstr         0x0000000000400a60      0xae2
 *(.dynstr)
 .dynstr        0x0000000000400a60      0xae2 /usr/lib64/gcc/x86_64-suse-linux/13/../../../../lib64/crt1.o

.gnu.version    0x0000000000401542       0x6a
 *(.gnu.version)
 .gnu.version   0x0000000000401542       0x6a /usr/lib64/gcc/x86_64-suse-linux/13/../../../../lib64/crt1.o

.gnu.version_d  0x00000000004015b0        0x0
 *(.gnu.version_d)
 .gnu.version_d
                0x00000000004015b0        0x0 /usr/lib64/gcc/x86_64-suse-linux/13/../../../../lib64/crt1.o

.gnu.version_r  0x00000000004015b0       0xc0
 *(.gnu.version_r)
 .gnu.version_r
                0x00000000004015b0       0xc0 /usr/lib64/gcc/x86_64-suse-linux/13/../../../../lib64/crt1.o

.rela.dyn       0x0000000000401670       0x78
 *(.rela.init)
 *(.rela.text .rela.text.* .rela.gnu.linkonce.t.*)
 .rela.text     0x0000000000401670        0x0 /usr/lib64/gcc/x86_64-suse-linux/13/../../../../lib64/crt1.o
 *(.rela.fini)
 *(.rela.rodata .rela.rodata.* .rela.gnu.linkonce.r.*)
 *(.rela.data .rela.data.* .rela.gnu.linkonce.d.*)
 .rela.data.rel.ro
                0x0000000000401670        0x0 /usr/lib64/gcc/x86_64-suse-linux/13/../../../../lib64/crt1.o
 *(.rela.tdata .rela.tdata.* .rela.gnu.linkonce.td.*)
 *(.rela.tbss .rela.tbss.* .rela.gnu.linkonce.tb.*)
 *(.rela.ctors)
 *(.rela.dtors)
 *(.rela.got)
 .rela.got      0x0000000000401670       0x60 /usr/lib64/gcc/x86_64-suse-linux/13/../../../../lib64/crt1.o
 *(.rela.bss .rela.bss.* .rela.gnu.linkonce.b.*)
 .rela.bss      0x00000000004016d0       0x18 /usr/lib64/gcc/x86_64-suse-linux/13/../../../../lib64/crt1.o
 *(.rela.ldata .rela.ldata.* .rela.gnu.linkonce.l.*)
 *(.rela.lbss .rela.lbss.* .rela.gnu.linkonce.lb.*)
 *(.rela.lrodata .rela.lrodata.* .rela.gnu.linkonce.lr.*)
 *(.rela.ifunc)
 .rela.eh_frame
                0x00000000004016e8        0x0 /usr/lib64/gcc/x86_64-suse-linux/13/../../../../lib64/crt1.o

.rela.plt       0x00000000004016e8      0x420
 *(.rela.plt)
 .rela.plt      0x00000000004016e8      0x420 /usr/lib64/gcc/x86_64-suse-linux/13/../../../../lib64/crt1.o
                [!provide]                        PROVIDE (__rela_iplt_start = .)
 *(.rela.iplt)
 .rela.iplt     0x0000000000401b08        0x0 /usr/lib64/gcc/x86_64-suse-linux/13/../../../../lib64/crt1.o
                [!provide]                        PROVIDE (__rela_iplt_end = .)

.relr.dyn
 *(.relr.dyn)
                0x0000000000402000                . = ALIGN (CONSTANT (MAXPAGESIZE))

.init           0x0000000000402000       0x1b
 *(SORT_NONE(.init))
 .init          0x0000000000402000       0x16 /usr/lib64/gcc/x86_64-suse-linux/13/../../../../lib64/crti.o
                0x0000000000402000                _init
 .init          0x0000000000402016        0x5 /usr/lib64/gcc/x86_64-suse-linux/13/../../../../lib64/crtn.o

.plt            0x0000000000402020      0x2d0
 *(.plt)
 .plt           0x0000000000402020      0x2d0 /usr/lib64/gcc/x86_64-suse-linux/13/../../../../lib64/crt1.o
                0x0000000000402030                std::__cxx11::basic_string<char, std::char_traits<char>, std::allocator<char> >::operator=(std::__cxx11::basic_string<char, std::char_traits<char>, std::allocator<char> > const&)@@GLIBCXX_3.4.21
                0x0000000000402040                std::__cxx11::basic_string<char, std::char_traits<char>, std::allocator<char> >::append(char const*, unsigned long)@@GLIBCXX_3.4.21
                0x0000000000402050                std::__throw_bad_alloc()@@GLIBCXX_3.4
                0x0000000000402060                std::__cxx11::basic_string<char, std::char_traits<char>, std::allocator<char> >::get_allocator() const@@GLIBCXX_3.4.21
                0x0000000000402070                __cxa_begin_catch@@CXXABI_1.3
                0x0000000000402080                std::__cxx11::basic_string<char, std::char_traits<char>, std::allocator<char> >::c_str() const@@GLIBCXX_3.4.21
                0x0000000000402090                std::__cxx11::basic_string<char, std::char_traits<char>, std::allocator<char> >::basic_string(std::__cxx11::basic_string<char, std::char_traits<char>, std::allocator<char> > const&)@@GLIBCXX_3.4.21
                0x00000000004020a0                strlen@@GLIBC_2.2.5
                0x00000000004020b0                std::basic_ostream<char, std::char_traits<char> >& std::endl<char, std::char_traits<char> >(std::basic_ostream<char, std::char_traits<char> >&)@@GLIBCXX_3.4
                0x00000000004020c0                std::__throw_length_error(char const*)@@GLIBCXX_3.4
                0x00000000004020d0                std::__cxx11::basic_string<char, std::char_traits<char>, std::allocator<char> >::basic_string(std::__cxx11::basic_string<char, std::char_traits<char>, std::allocator<char> >&&)@@GLIBCXX_3.4.21
                0x00000000004020e0                std::__cxx11::basic_string<char, std::char_traits<char>, std::allocator<char> >::~basic_string()@@GLIBCXX_3.4.21
                0x00000000004020f0                std::__cxx11::basic_string<char, std::char_traits<char>, std::allocator<char> >::_M_set_length(unsigned long)@@GLIBCXX_3.4.21
                0x0000000000402100                std::__cxx11::basic_string<char, std::char_traits<char>, std::allocator<char> >::size() const@@GLIBCXX_3.4.21
                0x0000000000402110                std::__throw_logic_error(char const*)@@GLIBCXX_3.4
                0x0000000000402120                std::__throw_bad_array_new_length()@@GLIBCXX_3.4.29
                0x0000000000402130                std::__cxx11::basic_string<char, std::char_traits<char>, std::allocator<char> >::_M_local_data()@@GLIBCXX_3.4.21
                0x0000000000402140                std::__cxx11::basic_string<char, std::char_traits<char>, std::allocator<char> >::find_first_not_of(std::__cxx11::basic_string<char, std::char_traits<char>, std::allocator<char> > const&, unsigned long) const@@GLIBCXX_3.4.21
                0x0000000000402150                std::__cxx11::basic_string<char, std::char_traits<char>, std::allocator<char> >::_M_data(char*)@@GLIBCXX_3.4.21
                0x0000000000402160                std::basic_ostream<char, std::char_traits<char> >& std::operator<< <char, std::char_traits<char>, std::allocator<char> >(std::basic_ostream<char, std::char_traits<char> >&, std::__cxx11::basic_string<char, std::char_traits<char>, std::allocator<char> > const&)@@GLIBCXX_3.4.21
                0x0000000000402170                std::__cxx11::basic_string<char, std::char_traits<char>, std::allocator<char> >::find_first_of(std::__cxx11::basic_string<char, std::char_traits<char>, std::allocator<char> > const&, unsigned long) const@@GLIBCXX_3.4.21
                0x0000000000402180                std::__cxx11::basic_string<char, std::char_traits<char>, std::allocator<char> >::begin() const@@GLIBCXX_3.4.21
                0x0000000000402190                operator new(unsigned long)@@GLIBCXX_3.4
                0x00000000004021a0                operator delete(void*, unsigned long)@@CXXABI_1.3.9
                0x00000000004021b0                std::__cxx11::basic_string<char, std::char_traits<char>, std::allocator<char> >::substr(unsigned long, unsigned long) const@@GLIBCXX_3.4.21
                0x00000000004021c0                std::ostream::operator<<(std::ostream& (*)(std::ostream&))@@GLIBCXX_3.4
                0x00000000004021d0                std::__cxx11::basic_string<char, std::char_traits<char>, std::allocator<char> >::_Alloc_hider::_Alloc_hider(char*, std::allocator<char> const&)@@GLIBCXX_3.4.21
                0x00000000004021e0                std::__cxx11::basic_string<char, std::char_traits<char>, std::allocator<char> >::_M_data() const@@GLIBCXX_3.4.21
                0x00000000004021f0                std::__cxx11::basic_string<char, std::char_traits<char>, std::allocator<char> >::_S_copy_chars(char*, char const*, char const*)@@GLIBCXX_3.4.21
                0x0000000000402200                std::__cxx11::basic_string<char, std::char_traits<char>, std::allocator<char> >::operator=(std::__cxx11::basic_string<char, std::char_traits<char>, std::allocator<char> >&&)@@GLIBCXX_3.4.21
                0x0000000000402210                std::__cxx11::basic_string<char, std::char_traits<char>, std::allocator<char> >::_M_dispose()@@GLIBCXX_3.4.21
                0x0000000000402220                std::__cxx11::basic_string<char, std::char_traits<char>, std::allocator<char> >::basic_string()@@GLIBCXX_3.4.21
                0x0000000000402230                __cxa_rethrow@@CXXABI_1.3
                0x0000000000402240                std::__cxx11::basic_string<char, std::char_traits<char>, std::allocator<char> >::length() const@@GLIBCXX_3.4.21
                0x0000000000402250                std::__cxx11::basic_string<char, std::char_traits<char>, std::allocator<char> >::reserve(unsigned long)@@GLIBCXX_3.4.21
                0x0000000000402260                __cxa_end_catch@@CXXABI_1.3
                0x0000000000402270                __gxx_personality_v0@@CXXABI_1.3
                0x0000000000402280                std::__cxx11::basic_string<char, std::char_traits<char>, std::allocator<char> >::empty() const@@GLIBCXX_3.4.21
                0x0000000000402290                std::__cxx11::basic_string<char, std::char_traits<char>, std::allocator<char> >::basic_string(std::allocator<char> const&)@@GLIBCXX_3.4.21
                0x00000000004022a0                _Unwind_Resume@@GCC_3.0
                0x00000000004022b0                std::__cxx11::basic_string<char, std::char_traits<char>, std::allocator<char> >::_M_create(unsigned long&, unsigned long)@@GLIBCXX_3.4.21
                0x00000000004022c0                std::__cxx11::basic_string<char, std::char_traits<char>, std::allocator<char> >::end() const@@GLIBCXX_3.4.21
                0x00000000004022d0                std::__cxx11::basic_string<char, std::char_traits<char>, std::allocator<char> >::_M_capacity(unsigned long)@@GLIBCXX_3.4.21
                0x00000000004022e0                std::__cxx11::basic_string<char, std::char_traits<char>, std::allocator<char> >::operator[](unsigned long)@@GLIBCXX_3.4.21
 *(.iplt)
 .iplt          0x00000000004022f0        0x0 /usr/lib64/gcc/x86_64-suse-linux/13/../../../../lib64/crt1.o

.plt.got        0x00000000004022f0        0x0
 *(.plt.got)
 .plt.got       0x00000000004022f0        0x0 /usr/lib64/gcc/x86_64-suse-linux/13/../../../../lib64/crt1.o

.plt.sec
 *(.plt.sec)

.text           0x00000000004022f0     0x1974
 *(.text.unlikely .text.*_unlikely .text.unlikely.*)
 *(.text.exit .text.exit.*)
 *(.text.startup .text.startup.*)
 *(.text.hot .text.hot.*)
 *(SORT_BY_NAME(.text.sorted.*))
 *(.text .stub .text.* .gnu.linkonce.t.*)
 .text          0x00000000004022f0       0x55 /usr/lib64/gcc/x86_64-suse-linux/13/../../../../lib64/crt1.o
                0x00000000004022fe                _start
                0x000000000040233e                _dl_relocate_static_pie
 .text          0x0000000000402345        0x0 /usr/lib64/gcc/x86_64-suse-linux/13/../../../../lib64/crti.o
 *fill*         0x0000000000402345        0xb 
 .text          0x0000000000402350       0xa6 /usr/lib64/gcc/x86_64-suse-linux/13/crtbegin.o
 .text          0x00000000004023f6      0x684 main.o
                0x00000000004023f6                searching_challenge(std::__cxx11::basic_string<char, std::char_traits<char>, std::allocator<char> > const&)
                0x00000000004029a7                main
 .text._ZSt23__is_constant_evaluatedv
                0x0000000000402a7a        0xb main.o
                0x0000000000402a7a                std::__is_constant_evaluated()
 .text._ZnwmPv  0x0000000000402a85       0x12 main.o
                0x0000000000402a85                operator new(unsigned long, void*)
 .text._ZdlPvS_
                0x0000000000402a97        0xf main.o
                0x0000000000402a97                operator delete(void*, void*)
 .text._ZNSt11char_traitsIcE6lengthEPKc
                0x0000000000402aa6       0x32 main.o
                0x0000000000402aa6                std::char_traits<char>::length(char const*)
 .text._ZNSt12_Vector_baseINSt7__cxx1112basic_stringIcSt11char_traitsIcESaIcEEESaIS5_EE12_Vector_implD2Ev
                0x0000000000402ad8       0x24 main.o
                0x0000000000402ad8                std::_Vector_base<std::__cxx11::basic_string<char, std::char_traits<char>, std::allocator<char> >, std::allocator<std::__cxx11::basic_string<char, std::char_traits<char>, std::allocator<char> > > >::_Vector_impl::~_Vector_impl()
                0x0000000000402ad8                std::_Vector_base<std::__cxx11::basic_string<char, std::char_traits<char>, std::allocator<char> >, std::allocator<std::__cxx11::basic_string<char, std::char_traits<char>, std::allocator<char> > > >::_Vector_impl::~_Vector_impl()
 .text._ZNSt12_Vector_baseINSt7__cxx1112basic_stringIcSt11char_traitsIcESaIcEEESaIS5_EEC2Ev
                0x0000000000402afc       0x1b main.o
                0x0000000000402afc                std::_Vector_base<std::__cxx11::basic_string<char, std::char_traits<char>, std::allocator<char> >, std::allocator<std::__cxx11::basic_string<char, std::char_traits<char>, std::allocator<char> > > >::_Vector_base()
                0x0000000000402afc                std::_Vector_base<std::__cxx11::basic_string<char, std::char_traits<char>, std::allocator<char> >, std::allocator<std::__cxx11::basic_string<char, std::char_traits<char>, std::allocator<char> > > >::_Vector_base()
 *fill*         0x0000000000402b17        0x1 
 .text._ZNSt6vectorINSt7__cxx1112basic_stringIcSt11char_traitsIcESaIcEEESaIS5_EEC2Ev
                0x0000000000402b18       0x1b main.o
                0x0000000000402b18                std::vector<std::__cxx11::basic_string<char, std::char_traits<char>, std::allocator<char> >, std::allocator<std::__cxx11::basic_string<char, std::char_traits<char>, std::allocator<char> > > >::vector()
                0x0000000000402b18                std::vector<std::__cxx11::basic_string<char, std::char_traits<char>, std::allocator<char> >, std::allocator<std::__cxx11::basic_string<char, std::char_traits<char>, std::allocator<char> > > >::vector()
 *fill*         0x0000000000402b33        0x1 
 .text._ZN9__gnu_cxx11char_traitsIcE6lengthEPKc
                0x0000000000402b34       0x46 main.o
                0x0000000000402b34                __gnu_cxx::char_traits<char>::length(char const*)
 .text._ZNSt7__cxx1112basic_stringIcSt11char_traitsIcESaIcEE12_Alloc_hiderD2Ev
                0x0000000000402b7a       0x24 main.o
                0x0000000000402b7a                std::__cxx11::basic_string<char, std::char_traits<char>, std::allocator<char> >::_Alloc_hider::~_Alloc_hider()
                0x0000000000402b7a                std::__cxx11::basic_string<char, std::char_traits<char>, std::allocator<char> >::_Alloc_hider::~_Alloc_hider()
 .text._ZStplIcSt11char_traitsIcESaIcEENSt7__cxx1112basic_stringIT_T0_T1_EERKS8_PKS5_
                0x0000000000402b9e       0xae main.o
                0x0000000000402b9e                std::__cxx11::basic_string<char, std::char_traits<char>, std::allocator<char> > std::operator+<char, std::char_traits<char>, std::allocator<char> >(std::__cxx11::basic_string<char, std::char_traits<char>, std::allocator<char> > const&, char const*)
 .text._ZNSt12_Vector_baseINSt7__cxx1112basic_stringIcSt11char_traitsIcESaIcEEESaIS5_EE12_Vector_implC2Ev
                0x0000000000402c4c       0x2d main.o
                0x0000000000402c4c                std::_Vector_base<std::__cxx11::basic_string<char, std::char_traits<char>, std::allocator<char> >, std::allocator<std::__cxx11::basic_string<char, std::char_traits<char>, std::allocator<char> > > >::_Vector_impl::_Vector_impl()
                0x0000000000402c4c                std::_Vector_base<std::__cxx11::basic_string<char, std::char_traits<char>, std::allocator<char> >, std::allocator<std::__cxx11::basic_string<char, std::char_traits<char>, std::allocator<char> > > >::_Vector_impl::_Vector_impl()
 *fill*         0x0000000000402c79        0x1 
 .text._ZNSt12_Vector_baseINSt7__cxx1112basic_stringIcSt11char_traitsIcESaIcEEESaIS5_EED2Ev
                0x0000000000402c7a       0x4d main.o
                0x0000000000402c7a                std::_Vector_base<std::__cxx11::basic_string<char, std::char_traits<char>, std::allocator<char> >, std::allocator<std::__cxx11::basic_string<char, std::char_traits<char>, std::allocator<char> > > >::~_Vector_base()
                0x0000000000402c7a                std::_Vector_base<std::__cxx11::basic_string<char, std::char_traits<char>, std::allocator<char> >, std::allocator<std::__cxx11::basic_string<char, std::char_traits<char>, std::allocator<char> > > >::~_Vector_base()
 *fill*         0x0000000000402cc7        0x1 
 .text._ZNSt6vectorINSt7__cxx1112basic_stringIcSt11char_traitsIcESaIcEEESaIS5_EED2Ev
                0x0000000000402cc8       0x56 main.o
                0x0000000000402cc8                std::vector<std::__cxx11::basic_string<char, std::char_traits<char>, std::allocator<char> >, std::allocator<std::__cxx11::basic_string<char, std::char_traits<char>, std::allocator<char> > > >::~vector()
                0x0000000000402cc8                std::vector<std::__cxx11::basic_string<char, std::char_traits<char>, std::allocator<char> >, std::allocator<std::__cxx11::basic_string<char, std::char_traits<char>, std::allocator<char> > > >::~vector()
 .text._ZNSt7__cxx1112basic_stringIcSt11char_traitsIcESaIcEEC2IS3_EEPKcRKS3_
                0x0000000000402d1e       0x9b main.o
                0x0000000000402d1e                std::__cxx11::basic_string<char, std::char_traits<char>, std::allocator<char> >::basic_string<std::allocator<char> >(char const*, std::allocator<char> const&)
                0x0000000000402d1e                std::__cxx11::basic_string<char, std::char_traits<char>, std::allocator<char> >::basic_string<std::allocator<char> >(char const*, std::allocator<char> const&)
 *fill*         0x0000000000402db9        0x1 
 .text._ZNSt6vectorINSt7__cxx1112basic_stringIcSt11char_traitsIcESaIcEEESaIS5_EE9push_backERKS5_
                0x0000000000402dba      0x103 main.o
                0x0000000000402dba                std::vector<std::__cxx11::basic_string<char, std::char_traits<char>, std::allocator<char> >, std::allocator<std::__cxx11::basic_string<char, std::char_traits<char>, std::allocator<char> > > >::push_back(std::__cxx11::basic_string<char, std::char_traits<char>, std::allocator<char> > const&)
 *fill*         0x0000000000402ebd        0x1 
 .text._ZNSt6vectorINSt7__cxx1112basic_stringIcSt11char_traitsIcESaIcEEESaIS5_EE5beginEv
                0x0000000000402ebe       0x25 main.o
                0x0000000000402ebe                std::vector<std::__cxx11::basic_string<char, std::char_traits<char>, std::allocator<char> >, std::allocator<std::__cxx11::basic_string<char, std::char_traits<char>, std::allocator<char> > > >::begin()
 *fill*         0x0000000000402ee3        0x1 
 .text._ZNSt6vectorINSt7__cxx1112basic_stringIcSt11char_traitsIcESaIcEEESaIS5_EE3endEv
                0x0000000000402ee4       0x29 main.o
                0x0000000000402ee4                std::vector<std::__cxx11::basic_string<char, std::char_traits<char>, std::allocator<char> >, std::allocator<std::__cxx11::basic_string<char, std::char_traits<char>, std::allocator<char> > > >::end()
 .text._ZN9__gnu_cxxneIPNSt7__cxx1112basic_stringIcSt11char_traitsIcESaIcEEESt6vectorIS6_SaIS6_EEEEbRKNS_17__normal_iteratorIT_T0_EESG_
                0x0000000000402f0d       0x3b main.o
                0x0000000000402f0d                bool __gnu_cxx::operator!=<std::__cxx11::basic_string<char, std::char_traits<char>, std::allocator<char> >*, std::vector<std::__cxx11::basic_string<char, std::char_traits<char>, std::allocator<char> >, std::allocator<std::__cxx11::basic_string<char, std::char_traits<char>, std::allocator<char> > > > >(__gnu_cxx::__normal_iterator<std::__cxx11::basic_string<char, std::char_traits<char>, std::allocator<char> >*, std::vector<std::__cxx11::basic_string<char, std::char_traits<char>, std::allocator<char> >, std::allocator<std::__cxx11::basic_string<char, std::char_traits<char>, std::allocator<char> > > > > const&, __gnu_cxx::__normal_iterator<std::__cxx11::basic_string<char, std::char_traits<char>, std::allocator<char> >*, std::vector<std::__cxx11::basic_string<char, std::char_traits<char>, std::allocator<char> >, std::allocator<std::__cxx11::basic_string<char, std::char_traits<char>, std::allocator<char> > > > > const&)
 .text._ZN9__gnu_cxx17__normal_iteratorIPNSt7__cxx1112basic_stringIcSt11char_traitsIcESaIcEEESt6vectorIS6_SaIS6_EEEppEv
                0x0000000000402f48       0x20 main.o
                0x0000000000402f48                __gnu_cxx::__normal_iterator<std::__cxx11::basic_string<char, std::char_traits<char>, std::allocator<char> >*, std::vector<std::__cxx11::basic_string<char, std::char_traits<char>, std::allocator<char> >, std::allocator<std::__cxx11::basic_string<char, std::char_traits<char>, std::allocator<char> > > > >::operator++()
 .text._ZNK9__gnu_cxx17__normal_iteratorIPNSt7__cxx1112basic_stringIcSt11char_traitsIcESaIcEEESt6vectorIS6_SaIS6_EEEdeEv
                0x0000000000402f68       0x11 main.o
                0x0000000000402f68                __gnu_cxx::__normal_iterator<std::__cxx11::basic_string<char, std::char_traits<char>, std::allocator<char> >*, std::vector<std::__cxx11::basic_string<char, std::char_traits<char>, std::allocator<char> >, std::allocator<std::__cxx11::basic_string<char, std::char_traits<char>, std::allocator<char> > > > >::operator*() const
 .text._ZN9__gnu_cxxneIPKcNSt7__cxx1112basic_stringIcSt11char_traitsIcESaIcEEEEEbRKNS_17__normal_iteratorIT_T0_EESE_
                0x0000000000402f79       0x3b main.o
                0x0000000000402f79                bool __gnu_cxx::operator!=<char const*, std::__cxx11::basic_string<char, std::char_traits<char>, std::allocator<char> > >(__gnu_cxx::__normal_iterator<char const*, std::__cxx11::basic_string<char, std::char_traits<char>, std::allocator<char> > > const&, __gnu_cxx::__normal_iterator<char const*, std::__cxx11::basic_string<char, std::char_traits<char>, std::allocator<char> > > const&)
 .text._ZN9__gnu_cxx17__normal_iteratorIPKcNSt7__cxx1112basic_stringIcSt11char_traitsIcESaIcEEEEppEv
                0x0000000000402fb4       0x20 main.o
                0x0000000000402fb4                __gnu_cxx::__normal_iterator<char const*, std::__cxx11::basic_string<char, std::char_traits<char>, std::allocator<char> > >::operator++()
 .text._ZNK9__gnu_cxx17__normal_iteratorIPKcNSt7__cxx1112basic_stringIcSt11char_traitsIcESaIcEEEEdeEv
                0x0000000000402fd4       0x11 main.o
                0x0000000000402fd4                __gnu_cxx::__normal_iterator<char const*, std::__cxx11::basic_string<char, std::char_traits<char>, std::allocator<char> > >::operator*() const
 .text._ZStplIcSt11char_traitsIcESaIcEENSt7__cxx1112basic_stringIT_T0_T1_EERKS8_SA_
                0x0000000000402fe5       0xbd main.o
                0x0000000000402fe5                std::__cxx11::basic_string<char, std::char_traits<char>, std::allocator<char> > std::operator+<char, std::char_traits<char>, std::allocator<char> >(std::__cxx11::basic_string<char, std::char_traits<char>, std::allocator<char> > const&, std::__cxx11::basic_string<char, std::char_traits<char>, std::allocator<char> > const&)
 .text._ZN9__gnu_cxx11char_traitsIcE2eqERKcS3_
                0x00000000004030a2       0x21 main.o
                0x00000000004030a2                __gnu_cxx::char_traits<char>::eq(char const&, char const&)
 *fill*         0x00000000004030c3        0x1 
 .text._ZNSt15__new_allocatorIcED2Ev
                0x00000000004030c4        0xb main.o
                0x00000000004030c4                std::__new_allocator<char>::~__new_allocator()
                0x00000000004030c4                std::__new_allocator<char>::~__new_allocator()
 *fill*         0x00000000004030cf        0x1 
 .text._ZZNSt7__cxx1112basic_stringIcSt11char_traitsIcESaIcEE12_M_constructIPKcEEvT_S8_St20forward_iterator_tagEN6_GuardC2EPS4_
                0x00000000004030d0       0x1a main.o
                0x00000000004030d0                std::__cxx11::basic_string<char, std::char_traits<char>, std::allocator<char> >::_M_construct<char const*>(char const*, char const*, std::forward_iterator_tag)::_Guard::_Guard(std::__cxx11::basic_string<char, std::char_traits<char>, std::allocator<char> >*)
                0x00000000004030d0                std::__cxx11::basic_string<char, std::char_traits<char>, std::allocator<char> >::_M_construct<char const*>(char const*, char const*, std::forward_iterator_tag)::_Guard::_Guard(std::__cxx11::basic_string<char, std::char_traits<char>, std::allocator<char> >*)
 .text._ZZNSt7__cxx1112basic_stringIcSt11char_traitsIcESaIcEE12_M_constructIPKcEEvT_S8_St20forward_iterator_tagEN6_GuardD2Ev
                0x00000000004030ea       0x2a main.o
                0x00000000004030ea                std::__cxx11::basic_string<char, std::char_traits<char>, std::allocator<char> >::_M_construct<char const*>(char const*, char const*, std::forward_iterator_tag)::_Guard::~_Guard()
                0x00000000004030ea                std::__cxx11::basic_string<char, std::char_traits<char>, std::allocator<char> >::_M_construct<char const*>(char const*, char const*, std::forward_iterator_tag)::_Guard::~_Guard()
 .text._ZNSt7__cxx1112basic_stringIcSt11char_traitsIcESaIcEE12_M_constructIPKcEEvT_S8_St20forward_iterator_tag
                0x0000000000403114       0xfe main.o
                0x0000000000403114                void std::__cxx11::basic_string<char, std::char_traits<char>, std::allocator<char> >::_M_construct<char const*>(char const*, char const*, std::forward_iterator_tag)
 .text._ZSt12__str_concatINSt7__cxx1112basic_stringIcSt11char_traitsIcESaIcEEEET_PKNS6_10value_typeENS6_9size_typeES9_SA_RKNS6_14allocator_typeE
                0x0000000000403212       0xe3 main.o
                0x0000000000403212                std::__cxx11::basic_string<char, std::char_traits<char>, std::allocator<char> > std::__str_concat<std::__cxx11::basic_string<char, std::char_traits<char>, std::allocator<char> > >(std::__cxx11::basic_string<char, std::char_traits<char>, std::allocator<char> >::value_type const*, std::__cxx11::basic_string<char, std::char_traits<char>, std::allocator<char> >::size_type, std::__cxx11::basic_string<char, std::char_traits<char>, std::allocator<char> >::value_type const*, std::__cxx11::basic_string<char, std::char_traits<char>, std::allocator<char> >::size_type, std::__cxx11::basic_string<char, std::char_traits<char>, std::allocator<char> >::allocator_type const&)
 .text._ZSt4moveIRNSt7__cxx1112basic_stringIcSt11char_traitsIcESaIcEEEEONSt16remove_referenceIT_E4typeEOS8_
                0x00000000004032f5        0xe main.o
                0x00000000004032f5                std::remove_reference<std::__cxx11::basic_string<char, std::char_traits<char>, std::allocator<char> >&>::type&& std::move<std::__cxx11::basic_string<char, std::char_traits<char>, std::allocator<char> >&>(std::__cxx11::basic_string<char, std::char_traits<char>, std::allocator<char> >&)
 *fill*         0x0000000000403303        0x1 
 .text._ZNSt12_Vector_baseINSt7__cxx1112basic_stringIcSt11char_traitsIcESaIcEEESaIS5_EE17_Vector_impl_dataC2Ev
                0x0000000000403304       0x2e main.o
                0x0000000000403304                std::_Vector_base<std::__cxx11::basic_string<char, std::char_traits<char>, std::allocator<char> >, std::allocator<std::__cxx11::basic_string<char, std::char_traits<char>, std::allocator<char> > > >::_Vector_impl_data::_Vector_impl_data()
                0x0000000000403304                std::_Vector_base<std::__cxx11::basic_string<char, std::char_traits<char>, std::allocator<char> >, std::allocator<std::__cxx11::basic_string<char, std::char_traits<char>, std::allocator<char> > > >::_Vector_impl_data::_Vector_impl_data()
 .text._ZNSt15__new_allocatorINSt7__cxx1112basic_stringIcSt11char_traitsIcESaIcEEEED2Ev
                0x0000000000403332        0xb main.o
                0x0000000000403332                std::__new_allocator<std::__cxx11::basic_string<char, std::char_traits<char>, std::allocator<char> > >::~__new_allocator()
                0x0000000000403332                std::__new_allocator<std::__cxx11::basic_string<char, std::char_traits<char>, std::allocator<char> > >::~__new_allocator()
 *fill*         0x000000000040333d        0x1 
 .text._ZNSt12_Vector_baseINSt7__cxx1112basic_stringIcSt11char_traitsIcESaIcEEESaIS5_EE13_M_deallocateEPS5_m
                0x000000000040333e       0x4e main.o
                0x000000000040333e                std::_Vector_base<std::__cxx11::basic_string<char, std::char_traits<char>, std::allocator<char> >, std::allocator<std::__cxx11::basic_string<char, std::char_traits<char>, std::allocator<char> > > >::_M_deallocate(std::__cxx11::basic_string<char, std::char_traits<char>, std::allocator<char> >*, unsigned long)
 .text._ZNSt12_Vector_baseINSt7__cxx1112basic_stringIcSt11char_traitsIcESaIcEEESaIS5_EE19_M_get_Tp_allocatorEv
                0x000000000040338c        0xe main.o
                0x000000000040338c                std::_Vector_base<std::__cxx11::basic_string<char, std::char_traits<char>, std::allocator<char> >, std::allocator<std::__cxx11::basic_string<char, std::char_traits<char>, std::allocator<char> > > >::_M_get_Tp_allocator()
 .text._ZSt11__addressofINSt7__cxx1112basic_stringIcSt11char_traitsIcESaIcEEEEPT_RS6_
                0x000000000040339a        0xe main.o
                0x000000000040339a                std::__cxx11::basic_string<char, std::char_traits<char>, std::allocator<char> >* std::__addressof<std::__cxx11::basic_string<char, std::char_traits<char>, std::allocator<char> > >(std::__cxx11::basic_string<char, std::char_traits<char>, std::allocator<char> >&)
 .text._ZNSt6vectorINSt7__cxx1112basic_stringIcSt11char_traitsIcESaIcEEESaIS5_EE17_M_realloc_insertIJRKS5_EEEvN9__gnu_cxx17__normal_iteratorIPS5_S7_EEDpOT_
                0x00000000004033a8      0x32a main.o
                0x00000000004033a8                void std::vector<std::__cxx11::basic_string<char, std::char_traits<char>, std::allocator<char> >, std::allocator<std::__cxx11::basic_string<char, std::char_traits<char>, std::allocator<char> > > >::_M_realloc_insert<std::__cxx11::basic_string<char, std::char_traits<char>, std::allocator<char> > const&>(__gnu_cxx::__normal_iterator<std::__cxx11::basic_string<char, std::char_traits<char>, std::allocator<char> >*, std::vector<std::__cxx11::basic_string<char, std::char_traits<char>, std::allocator<char> >, std::allocator<std::__cxx11::basic_string<char, std::char_traits<char>, std::allocator<char> > > > >, std::__cxx11::basic_string<char, std::char_traits<char>, std::allocator<char> > const&)
 .text._ZN9__gnu_cxx17__normal_iteratorIPNSt7__cxx1112basic_stringIcSt11char_traitsIcESaIcEEESt6vectorIS6_SaIS6_EEEC2ERKS7_
                0x00000000004036d2       0x1d main.o
                0x00000000004036d2                __gnu_cxx::__normal_iterator<std::__cxx11::basic_string<char, std::char_traits<char>, std::allocator<char> >*, std::vector<std::__cxx11::basic_string<char, std::char_traits<char>, std::allocator<char> >, std::allocator<std::__cxx11::basic_string<char, std::char_traits<char>, std::allocator<char> > > > >::__normal_iterator(std::__cxx11::basic_string<char, std::char_traits<char>, std::allocator<char> >* const&)
                0x00000000004036d2                __gnu_cxx::__normal_iterator<std::__cxx11::basic_string<char, std::char_traits<char>, std::allocator<char> >*, std::vector<std::__cxx11::basic_string<char, std::char_traits<char>, std::allocator<char> >, std::allocator<std::__cxx11::basic_string<char, std::char_traits<char>, std::allocator<char> > > > >::__normal_iterator(std::__cxx11::basic_string<char, std::char_traits<char>, std::allocator<char> >* const&)
 *fill*         0x00000000004036ef        0x1 
 .text._ZNK9__gnu_cxx17__normal_iteratorIPNSt7__cxx1112basic_stringIcSt11char_traitsIcESaIcEEESt6vectorIS6_SaIS6_EEE4baseEv
                0x00000000004036f0        0xe main.o
                0x00000000004036f0                __gnu_cxx::__normal_iterator<std::__cxx11::basic_string<char, std::char_traits<char>, std::allocator<char> >*, std::vector<std::__cxx11::basic_string<char, std::char_traits<char>, std::allocator<char> >, std::allocator<std::__cxx11::basic_string<char, std::char_traits<char>, std::allocator<char> > > > >::base() const
 .text._ZNK9__gnu_cxx17__normal_iteratorIPKcNSt7__cxx1112basic_stringIcSt11char_traitsIcESaIcEEEE4baseEv
                0x00000000004036fe        0xe main.o
                0x00000000004036fe                __gnu_cxx::__normal_iterator<char const*, std::__cxx11::basic_string<char, std::char_traits<char>, std::allocator<char> > >::base() const
 .text._ZSt8_DestroyIPNSt7__cxx1112basic_stringIcSt11char_traitsIcESaIcEEEEvT_S7_
                0x000000000040370c       0x26 main.o
                0x000000000040370c                void std::_Destroy<std::__cxx11::basic_string<char, std::char_traits<char>, std::allocator<char> >*>(std::__cxx11::basic_string<char, std::char_traits<char>, std::allocator<char> >*, std::__cxx11::basic_string<char, std::char_traits<char>, std::allocator<char> >*)
 .text._ZSt7forwardIRKNSt7__cxx1112basic_stringIcSt11char_traitsIcESaIcEEEEOT_RNSt16remove_referenceIS8_E4typeE
                0x0000000000403732        0xe main.o
                0x0000000000403732                std::__cxx11::basic_string<char, std::char_traits<char>, std::allocator<char> > const& std::forward<std::__cxx11::basic_string<char, std::char_traits<char>, std::allocator<char> > const&>(std::remove_reference<std::__cxx11::basic_string<char, std::char_traits<char>, std::allocator<char> > const&>::type&)
 .text._ZNKSt6vectorINSt7__cxx1112basic_stringIcSt11char_traitsIcESaIcEEESaIS5_EE12_M_check_lenEmPKc
                0x0000000000403740       0xc8 main.o
                0x0000000000403740                std::vector<std::__cxx11::basic_string<char, std::char_traits<char>, std::allocator<char> >, std::allocator<std::__cxx11::basic_string<char, std::char_traits<char>, std::allocator<char> > > >::_M_check_len(unsigned long, char const*) const
 .text._ZN9__gnu_cxxmiIPNSt7__cxx1112basic_stringIcSt11char_traitsIcESaIcEEESt6vectorIS6_SaIS6_EEEENS_17__normal_iteratorIT_T0_E15difference_typeERKSE_SH_
                0x0000000000403808       0x42 main.o
                0x0000000000403808                __gnu_cxx::__normal_iterator<std::__cxx11::basic_string<char, std::char_traits<char>, std::allocator<char> >*, std::vector<std::__cxx11::basic_string<char, std::char_traits<char>, std::allocator<char> >, std::allocator<std::__cxx11::basic_string<char, std::char_traits<char>, std::allocator<char> > > > >::difference_type __gnu_cxx::operator-<std::__cxx11::basic_string<char, std::char_traits<char>, std::allocator<char> >*, std::vector<std::__cxx11::basic_string<char, std::char_traits<char>, std::allocator<char> >, std::allocator<std::__cxx11::basic_string<char, std::char_traits<char>, std::allocator<char> > > > >(__gnu_cxx::__normal_iterator<std::__cxx11::basic_string<char, std::char_traits<char>, std::allocator<char> >*, std::vector<std::__cxx11::basic_string<char, std::char_traits<char>, std::allocator<char> >, std::allocator<std::__cxx11::basic_string<char, std::char_traits<char>, std::allocator<char> > > > > const&, __gnu_cxx::__normal_iterator<std::__cxx11::basic_string<char, std::char_traits<char>, std::allocator<char> >*, std::vector<std::__cxx11::basic_string<char, std::char_traits<char>, std::allocator<char> >, std::allocator<std::__cxx11::basic_string<char, std::char_traits<char>, std::allocator<char> > > > > const&)
 .text._ZNSt12_Vector_baseINSt7__cxx1112basic_stringIcSt11char_traitsIcESaIcEEESaIS5_EE11_M_allocateEm
                0x000000000040384a       0x49 main.o
                0x000000000040384a                std::_Vector_base<std::__cxx11::basic_string<char, std::char_traits<char>, std::allocator<char> >, std::allocator<std::__cxx11::basic_string<char, std::char_traits<char>, std::allocator<char> > > >::_M_allocate(unsigned long)
 .text._ZNSt6vectorINSt7__cxx1112basic_stringIcSt11char_traitsIcESaIcEEESaIS5_EE11_S_relocateEPS5_S8_S8_RS6_
                0x0000000000403893       0x32 main.o
                0x0000000000403893                std::vector<std::__cxx11::basic_string<char, std::char_traits<char>, std::allocator<char> >, std::allocator<std::__cxx11::basic_string<char, std::char_traits<char>, std::allocator<char> > > >::_S_relocate(std::__cxx11::basic_string<char, std::char_traits<char>, std::allocator<char> >*, std::__cxx11::basic_string<char, std::char_traits<char>, std::allocator<char> >*, std::__cxx11::basic_string<char, std::char_traits<char>, std::allocator<char> >*, std::allocator<std::__cxx11::basic_string<char, std::char_traits<char>, std::allocator<char> > >&)
 *fill*         0x00000000004038c5        0x1 
 .text._ZNSt15__new_allocatorINSt7__cxx1112basic_stringIcSt11char_traitsIcESaIcEEEE10deallocateEPS5_m
                0x00000000004038c6       0x30 main.o
                0x00000000004038c6                std::__new_allocator<std::__cxx11::basic_string<char, std::char_traits<char>, std::allocator<char> > >::deallocate(std::__cxx11::basic_string<char, std::char_traits<char>, std::allocator<char> >*, unsigned long)
 .text._ZNSt12_Destroy_auxILb0EE9__destroyIPNSt7__cxx1112basic_stringIcSt11char_traitsIcESaIcEEEEEvT_S9_
                0x00000000004038f6       0x39 main.o
                0x00000000004038f6                void std::_Destroy_aux<false>::__destroy<std::__cxx11::basic_string<char, std::char_traits<char>, std::allocator<char> >*>(std::__cxx11::basic_string<char, std::char_traits<char>, std::allocator<char> >*, std::__cxx11::basic_string<char, std::char_traits<char>, std::allocator<char> >*)
 *fill*         0x000000000040392f        0x1 
 .text._ZNKSt6vectorINSt7__cxx1112basic_stringIcSt11char_traitsIcESaIcEEESaIS5_EE8max_sizeEv
                0x0000000000403930       0x22 main.o
                0x0000000000403930                std::vector<std::__cxx11::basic_string<char, std::char_traits<char>, std::allocator<char> >, std::allocator<std::__cxx11::basic_string<char, std::char_traits<char>, std::allocator<char> > > >::max_size() const
 .text._ZNKSt6vectorINSt7__cxx1112basic_stringIcSt11char_traitsIcESaIcEEESaIS5_EE4sizeEv
                0x0000000000403952       0x23 main.o
                0x0000000000403952                std::vector<std::__cxx11::basic_string<char, std::char_traits<char>, std::allocator<char> >, std::allocator<std::__cxx11::basic_string<char, std::char_traits<char>, std::allocator<char> > > >::size() const
 .text._ZSt3maxImERKT_S2_S2_
                0x0000000000403975       0x2b main.o
                0x0000000000403975                unsigned long const& std::max<unsigned long>(unsigned long const&, unsigned long const&)
 .text._ZSt12__relocate_aIPNSt7__cxx1112basic_stringIcSt11char_traitsIcESaIcEEES6_SaIS5_EET0_T_S9_S8_RT1_
                0x00000000004039a0       0x63 main.o
                0x00000000004039a0                std::__cxx11::basic_string<char, std::char_traits<char>, std::allocator<char> >* std::__relocate_a<std::__cxx11::basic_string<char, std::char_traits<char>, std::allocator<char> >*, std::__cxx11::basic_string<char, std::char_traits<char>, std::allocator<char> >*, std::allocator<std::__cxx11::basic_string<char, std::char_traits<char>, std::allocator<char> > > >(std::__cxx11::basic_string<char, std::char_traits<char>, std::allocator<char> >*, std::__cxx11::basic_string<char, std::char_traits<char>, std::allocator<char> >*, std::__cxx11::basic_string<char, std::char_traits<char>, std::allocator<char> >*, std::allocator<std::__cxx11::basic_string<char, std::char_traits<char>, std::allocator<char> > >&)
 .text._ZSt8_DestroyINSt7__cxx1112basic_stringIcSt11char_traitsIcESaIcEEEEvPT_
                0x0000000000403a03       0x1b main.o
                0x0000000000403a03                void std::_Destroy<std::__cxx11::basic_string<char, std::char_traits<char>, std::allocator<char> > >(std::__cxx11::basic_string<char, std::char_traits<char>, std::allocator<char> >*)
 .text._ZNSt6vectorINSt7__cxx1112basic_stringIcSt11char_traitsIcESaIcEEESaIS5_EE11_S_max_sizeERKS6_
                0x0000000000403a1e       0x5a main.o
                0x0000000000403a1e                std::vector<std::__cxx11::basic_string<char, std::char_traits<char>, std::allocator<char> >, std::allocator<std::__cxx11::basic_string<char, std::char_traits<char>, std::allocator<char> > > >::_S_max_size(std::allocator<std::__cxx11::basic_string<char, std::char_traits<char>, std::allocator<char> > > const&)
 .text._ZNKSt12_Vector_baseINSt7__cxx1112basic_stringIcSt11char_traitsIcESaIcEEESaIS5_EE19_M_get_Tp_allocatorEv
                0x0000000000403a78        0xe main.o
                0x0000000000403a78                std::_Vector_base<std::__cxx11::basic_string<char, std::char_traits<char>, std::allocator<char> >, std::allocator<std::__cxx11::basic_string<char, std::char_traits<char>, std::allocator<char> > > >::_M_get_Tp_allocator() const
 .text._ZNSt15__new_allocatorINSt7__cxx1112basic_stringIcSt11char_traitsIcESaIcEEEE8allocateEmPKv
                0x0000000000403a86       0x67 main.o
                0x0000000000403a86                std::__new_allocator<std::__cxx11::basic_string<char, std::char_traits<char>, std::allocator<char> > >::allocate(unsigned long, void const*)
 .text._ZSt12__niter_baseIPNSt7__cxx1112basic_stringIcSt11char_traitsIcESaIcEEEET_S7_
                0x0000000000403aed        0xe main.o
                0x0000000000403aed                std::__cxx11::basic_string<char, std::char_traits<char>, std::allocator<char> >* std::__niter_base<std::__cxx11::basic_string<char, std::char_traits<char>, std::allocator<char> >*>(std::__cxx11::basic_string<char, std::char_traits<char>, std::allocator<char> >*)
 .text._ZSt14__relocate_a_1IPNSt7__cxx1112basic_stringIcSt11char_traitsIcESaIcEEES6_SaIS5_EET0_T_S9_S8_RT1_
                0x0000000000403afb       0x71 main.o
                0x0000000000403afb                std::__cxx11::basic_string<char, std::char_traits<char>, std::allocator<char> >* std::__relocate_a_1<std::__cxx11::basic_string<char, std::char_traits<char>, std::allocator<char> >*, std::__cxx11::basic_string<char, std::char_traits<char>, std::allocator<char> >*, std::allocator<std::__cxx11::basic_string<char, std::char_traits<char>, std::allocator<char> > > >(std::__cxx11::basic_string<char, std::char_traits<char>, std::allocator<char> >*, std::__cxx11::basic_string<char, std::char_traits<char>, std::allocator<char> >*, std::__cxx11::basic_string<char, std::char_traits<char>, std::allocator<char> >*, std::allocator<std::__cxx11::basic_string<char, std::char_traits<char>, std::allocator<char> > >&)
 .text._ZSt3minImERKT_S2_S2_
                0x0000000000403b6c       0x2b main.o
                0x0000000000403b6c                unsigned long const& std::min<unsigned long>(unsigned long const&, unsigned long const&)
 .text._ZSt19__relocate_object_aINSt7__cxx1112basic_stringIcSt11char_traitsIcESaIcEEES5_SaIS5_EEvPT_PT0_RT1_
                0x0000000000403b97       0xbf main.o
                0x0000000000403b97                void std::__relocate_object_a<std::__cxx11::basic_string<char, std::char_traits<char>, std::allocator<char> >, std::__cxx11::basic_string<char, std::char_traits<char>, std::allocator<char> >, std::allocator<std::__cxx11::basic_string<char, std::char_traits<char>, std::allocator<char> > > >(std::__cxx11::basic_string<char, std::char_traits<char>, std::allocator<char> >*, std::__cxx11::basic_string<char, std::char_traits<char>, std::allocator<char> >*, std::allocator<std::__cxx11::basic_string<char, std::char_traits<char>, std::allocator<char> > >&)
 .text._ZSt7forwardINSt7__cxx1112basic_stringIcSt11char_traitsIcESaIcEEEEOT_RNSt16remove_referenceIS6_E4typeE
                0x0000000000403c56        0xe main.o
                0x0000000000403c56                std::__cxx11::basic_string<char, std::char_traits<char>, std::allocator<char> >&& std::forward<std::__cxx11::basic_string<char, std::char_traits<char>, std::allocator<char> > >(std::remove_reference<std::__cxx11::basic_string<char, std::char_traits<char>, std::allocator<char> > >::type&)
 .text          0x0000000000403c64        0x0 /usr/lib64/gcc/x86_64-suse-linux/13/crtend.o
 .text          0x0000000000403c64        0x0 /usr/lib64/gcc/x86_64-suse-linux/13/../../../../lib64/crtn.o
 *(.gnu.warning)

.fini           0x0000000000403c64        0xd
 *(SORT_NONE(.fini))
 .fini          0x0000000000403c64        0x8 /usr/lib64/gcc/x86_64-suse-linux/13/../../../../lib64/crti.o
                0x0000000000403c64                _fini
 .fini          0x0000000000403c6c        0x5 /usr/lib64/gcc/x86_64-suse-linux/13/../../../../lib64/crtn.o
                [!provide]                        PROVIDE (__etext = .)
                [!provide]                        PROVIDE (_etext = .)
                [!provide]                        PROVIDE (etext = .)
                0x0000000000404000                . = ALIGN (CONSTANT (MAXPAGESIZE))
                0x0000000000404000                . = SEGMENT_START ("rodata-segment", (ALIGN (CONSTANT (MAXPAGESIZE)) + (. & (CONSTANT (MAXPAGESIZE) - 0x1))))

.rodata         0x0000000000404000       0x97
 *(.rodata .rodata.* .gnu.linkonce.r.*)
 .rodata.cst4   0x0000000000404000        0x4 /usr/lib64/gcc/x86_64-suse-linux/13/../../../../lib64/crt1.o
                0x0000000000404000                _IO_stdin_used
 *fill*         0x0000000000404004        0x4 
 .rodata        0x0000000000404008       0x8f main.o

.rodata1
 *(.rodata1)

.eh_frame_hdr   0x0000000000404098      0x21c
 *(.eh_frame_hdr)
 .eh_frame_hdr  0x0000000000404098      0x21c /usr/lib64/gcc/x86_64-suse-linux/13/../../../../lib64/crt1.o
                0x0000000000404098                __GNU_EH_FRAME_HDR
 *(.eh_frame_entry .eh_frame_entry.*)

.eh_frame       0x00000000004042b8      0x8d4
 *(.eh_frame)
 .eh_frame      0x00000000004042b8       0x40 /usr/lib64/gcc/x86_64-suse-linux/13/../../../../lib64/crt1.o
                                         0x5c (size before relaxing)
 *fill*         0x00000000004042f8        0x0 
 .eh_frame      0x00000000004042f8       0x28 /usr/lib64/gcc/x86_64-suse-linux/13/../../../../lib64/crt1.o
                                         0x40 (size before relaxing)
 .eh_frame      0x0000000000404320        0x0 /usr/lib64/gcc/x86_64-suse-linux/13/../../../../lib64/crt1.o
 .eh_frame      0x0000000000404320      0x868 main.o
                                        0x880 (size before relaxing)
 .eh_frame      0x0000000000404b88        0x4 /usr/lib64/gcc/x86_64-suse-linux/13/crtend.o
 *(.eh_frame.*)

.sframe         0x0000000000404b8c        0x0
 *(.sframe)
 .sframe        0x0000000000404b8c        0x0 /usr/lib64/gcc/x86_64-suse-linux/13/../../../../lib64/crt1.o
 *(.sframe.*)

.gcc_except_table
                0x0000000000404b8c       0xc4
 *(.gcc_except_table .gcc_except_table.*)
 .gcc_except_table
                0x0000000000404b8c       0xc4 main.o

.gnu_extab
 *(.gnu_extab*)

.exception_ranges
 *(.exception_ranges*)
                0x0000000000405da8                . = DATA_SEGMENT_ALIGN (CONSTANT (MAXPAGESIZE), CONSTANT (COMMONPAGESIZE))

.eh_frame
 *(.eh_frame)
 *(.eh_frame.*)

.sframe
 *(.sframe)
 *(.sframe.*)

.gnu_extab
 *(.gnu_extab)

.gcc_except_table
 *(.gcc_except_table .gcc_except_table.*)

.exception_ranges
 *(.exception_ranges*)

.tdata          0x0000000000405da8        0x0
                [!provide]                        PROVIDE (__tdata_start = .)
 *(.tdata .tdata.* .gnu.linkonce.td.*)

.tbss
 *(.tbss .tbss.* .gnu.linkonce.tb.*)
 *(.tcommon)

.preinit_array  0x0000000000405da8        0x0
                [!provide]                        PROVIDE (__preinit_array_start = .)
 *(.preinit_array)
                [!provide]                        PROVIDE (__preinit_array_end = .)

.init_array     0x0000000000405da8        0x8
                [!provide]                        PROVIDE (__init_array_start = .)
 *(SORT_BY_INIT_PRIORITY(.init_array.*) SORT_BY_INIT_PRIORITY(.ctors.*))
 *(.init_array EXCLUDE_FILE(*crtend?.o *crtend.o *crtbegin?.o *crtbegin.o) .ctors)
 .init_array    0x0000000000405da8        0x8 /usr/lib64/gcc/x86_64-suse-linux/13/crtbegin.o
                [!provide]                        PROVIDE (__init_array_end = .)

.fini_array     0x0000000000405db0        0x8
                [!provide]                        PROVIDE (__fini_array_start = .)
 *(SORT_BY_INIT_PRIORITY(.fini_array.*) SORT_BY_INIT_PRIORITY(.dtors.*))
 *(.fini_array EXCLUDE_FILE(*crtend?.o *crtend.o *crtbegin?.o *crtbegin.o) .dtors)
 .fini_array    0x0000000000405db0        0x8 /usr/lib64/gcc/x86_64-suse-linux/13/crtbegin.o
                [!provide]                        PROVIDE (__fini_array_end = .)

.ctors
 *crtbegin.o(.ctors)
 *crtbegin?.o(.ctors)
 *(EXCLUDE_FILE(*crtend?.o *crtend.o) .ctors)
 *(SORT_BY_NAME(.ctors.*))
 *(.ctors)

.dtors
 *crtbegin.o(.dtors)
 *crtbegin?.o(.dtors)
 *(EXCLUDE_FILE(*crtend?.o *crtend.o) .dtors)
 *(SORT_BY_NAME(.dtors.*))
 *(.dtors)

.jcr
 *(.jcr)

.data.rel.ro    0x0000000000405db8        0x0
 *(.data.rel.ro.local* .gnu.linkonce.d.rel.ro.local.*)
 *(.data.rel.ro .data.rel.ro.* .gnu.linkonce.d.rel.ro.*)
 .data.rel.ro   0x0000000000405db8        0x0 /usr/lib64/gcc/x86_64-suse-linux/13/../../../../lib64/crt1.o

.dynamic        0x0000000000405db8      0x210
 *(.dynamic)
 .dynamic       0x0000000000405db8      0x210 /usr/lib64/gcc/x86_64-suse-linux/13/../../../../lib64/crt1.o
                0x0000000000405db8                _DYNAMIC

.got            0x0000000000405fc8       0x20
 *(.got)
 .got           0x0000000000405fc8       0x20 /usr/lib64/gcc/x86_64-suse-linux/13/../../../../lib64/crt1.o
 *(.igot)
                0x0000000000405fe8                . = DATA_SEGMENT_RELRO_END (., (SIZEOF (.got.plt) >= 0x18)?0x18:0x0)

.got.plt        0x0000000000405fe8      0x178
 *(.got.plt)
 .got.plt       0x0000000000405fe8      0x178 /usr/lib64/gcc/x86_64-suse-linux/13/../../../../lib64/crt1.o
                0x0000000000405fe8                _GLOBAL_OFFSET_TABLE_
 *(.igot.plt)
 .igot.plt      0x0000000000406160        0x0 /usr/lib64/gcc/x86_64-suse-linux/13/../../../../lib64/crt1.o

.data           0x0000000000406160       0x10
 *(.data .data.* .gnu.linkonce.d.*)
 .data          0x0000000000406160        0x4 /usr/lib64/gcc/x86_64-suse-linux/13/../../../../lib64/crt1.o
                0x0000000000406160                data_start
                0x0000000000406160                __data_start
 .data          0x0000000000406164        0x0 /usr/lib64/gcc/x86_64-suse-linux/13/../../../../lib64/crti.o
 *fill*         0x0000000000406164        0x4 
 .data          0x0000000000406168        0x8 /usr/lib64/gcc/x86_64-suse-linux/13/crtbegin.o
                0x0000000000406168                __dso_handle
 .data          0x0000000000406170        0x0 main.o
 .data          0x0000000000406170        0x0 /usr/lib64/gcc/x86_64-suse-linux/13/crtend.o
 .data          0x0000000000406170        0x0 /usr/lib64/gcc/x86_64-suse-linux/13/../../../../lib64/crtn.o

.tm_clone_table
                0x0000000000406170        0x0
 .tm_clone_table
                0x0000000000406170        0x0 /usr/lib64/gcc/x86_64-suse-linux/13/crtbegin.o
 .tm_clone_table
                0x0000000000406170        0x0 /usr/lib64/gcc/x86_64-suse-linux/13/crtend.o

.data1
 *(.data1)
                0x0000000000406170                _edata = .
                [!provide]                        PROVIDE (edata = .)
                0x0000000000406170                . = .
                0x0000000000406170                __bss_start = .

.bss            0x0000000000406180      0x118
 *(.dynbss)
 *fill*         0x0000000000406180        0x0 
 .dynbss        0x0000000000406180      0x110 /usr/lib64/gcc/x86_64-suse-linux/13/../../../../lib64/crt1.o
                0x0000000000406180                std::cout@@GLIBCXX_3.4
 *(.bss .bss.* .gnu.linkonce.b.*)
 .bss           0x0000000000406290        0x0 /usr/lib64/gcc/x86_64-suse-linux/13/../../../../lib64/crt1.o
 .bss           0x0000000000406290        0x0 /usr/lib64/gcc/x86_64-suse-linux/13/../../../../lib64/crti.o
 .bss           0x0000000000406290        0x1 /usr/lib64/gcc/x86_64-suse-linux/13/crtbegin.o
 .bss           0x0000000000406291        0x0 main.o
 .bss           0x0000000000406291        0x0 /usr/lib64/gcc/x86_64-suse-linux/13/crtend.o
 .bss           0x0000000000406291        0x0 /usr/lib64/gcc/x86_64-suse-linux/13/../../../../lib64/crtn.o
 *(COMMON)
                0x0000000000406298                . = ALIGN ((. != 0x0)?0x8:0x1)
 *fill*         0x0000000000406291        0x7 

.lbss
 *(.dynlbss)
 *(.lbss .lbss.* .gnu.linkonce.lb.*)
 *(LARGE_COMMON)
                0x0000000000406298                . = ALIGN (0x8)
                0x0000000000406298                . = SEGMENT_START ("ldata-segment", .)

.lrodata
 *(.lrodata .lrodata.* .gnu.linkonce.lr.*)

.ldata          0x0000000000408298        0x0
 *(.ldata .ldata.* .gnu.linkonce.l.*)
                0x0000000000408298                . = ALIGN ((. != 0x0)?0x8:0x1)
                0x0000000000408298                . = ALIGN (0x8)
                0x0000000000406298                _end = .
                [!provide]                        PROVIDE (end = .)
                0x0000000000408298                . = DATA_SEGMENT_END (.)

.stab
 *(.stab)

.stabstr
 *(.stabstr)

.stab.excl
 *(.stab.excl)

.stab.exclstr
 *(.stab.exclstr)

.stab.index
 *(.stab.index)

.stab.indexstr
 *(.stab.indexstr)

.comment        0x0000000000000000       0x56
 *(.comment)
 .comment       0x0000000000000000       0x56 main.o
                                         0x57 (size before relaxing)

.gnu.build.attributes
 *(.gnu.build.attributes .gnu.build.attributes.*)

.debug
 *(.debug)

.line
 *(.line)

.debug_srcinfo
 *(.debug_srcinfo)

.debug_sfnames
 *(.debug_sfnames)

.debug_aranges  0x0000000000000000      0x120
 *(.debug_aranges)
 .debug_aranges
                0x0000000000000000       0xa0 /usr/lib64/gcc/x86_64-suse-linux/13/../../../../lib64/crt1.o
 .debug_aranges
                0x00000000000000a0       0x40 /usr/lib64/gcc/x86_64-suse-linux/13/../../../../lib64/crti.o
 .debug_aranges
                0x00000000000000e0       0x40 /usr/lib64/gcc/x86_64-suse-linux/13/../../../../lib64/crtn.o

.debug_pubnames
 *(.debug_pubnames)

.debug_info     0x0000000000000000      0x999
 *(.debug_info .gnu.linkonce.wi.*)
 .debug_info    0x0000000000000000      0x953 /usr/lib64/gcc/x86_64-suse-linux/13/../../../../lib64/crt1.o
 .debug_info    0x0000000000000953       0x23 /usr/lib64/gcc/x86_64-suse-linux/13/../../../../lib64/crti.o
 .debug_info    0x0000000000000976       0x23 /usr/lib64/gcc/x86_64-suse-linux/13/../../../../lib64/crtn.o

.debug_abbrev   0x0000000000000000      0x296
 *(.debug_abbrev)
 .debug_abbrev  0x0000000000000000      0x272 /usr/lib64/gcc/x86_64-suse-linux/13/../../../../lib64/crt1.o
 .debug_abbrev  0x0000000000000272       0x12 /usr/lib64/gcc/x86_64-suse-linux/13/../../../../lib64/crti.o
 .debug_abbrev  0x0000000000000284       0x12 /usr/lib64/gcc/x86_64-suse-linux/13/../../../../lib64/crtn.o

.debug_line     0x0000000000000000      0x250
 *(.debug_line .debug_line.* .debug_line_end)
 .debug_line    0x0000000000000000      0x187 /usr/lib64/gcc/x86_64-suse-linux/13/../../../../lib64/crt1.o
 .debug_line    0x0000000000000187       0x67 /usr/lib64/gcc/x86_64-suse-linux/13/../../../../lib64/crti.o
 .debug_line    0x00000000000001ee       0x62 /usr/lib64/gcc/x86_64-suse-linux/13/../../../../lib64/crtn.o

.debug_frame
 *(.debug_frame)

.debug_str      0x0000000000000000      0x694
 *(.debug_str)
 .debug_str     0x0000000000000000      0x662 /usr/lib64/gcc/x86_64-suse-linux/13/../../../../lib64/crt1.o
                                        0xab7 (size before relaxing)
 .debug_str     0x0000000000000662       0x19 /usr/lib64/gcc/x86_64-suse-linux/13/../../../../lib64/crti.o
                                         0x52 (size before relaxing)
 .debug_str     0x000000000000067b       0x19 /usr/lib64/gcc/x86_64-suse-linux/13/../../../../lib64/crtn.o
                                         0x52 (size before relaxing)

.debug_loc
 *(.debug_loc)

.debug_macinfo
 *(.debug_macinfo)

.debug_weaknames
 *(.debug_weaknames)

.debug_funcnames
 *(.debug_funcnames)

.debug_typenames
 *(.debug_typenames)

.debug_varnames
 *(.debug_varnames)

.debug_pubtypes
 *(.debug_pubtypes)

.debug_ranges
 *(.debug_ranges)

.debug_addr
 *(.debug_addr)

.debug_line_str
                0x0000000000000000      0x144
 *(.debug_line_str)
 .debug_line_str
                0x0000000000000000      0x136 /usr/lib64/gcc/x86_64-suse-linux/13/../../../../lib64/crt1.o
                                        0x2f0 (size before relaxing)
 .debug_line_str
                0x0000000000000136        0x7 /usr/lib64/gcc/x86_64-suse-linux/13/../../../../lib64/crti.o
                                         0x44 (size before relaxing)
 .debug_line_str
                0x000000000000013d        0x7 /usr/lib64/gcc/x86_64-suse-linux/13/../../../../lib64/crtn.o
                                         0x44 (size before relaxing)

.debug_loclists
 *(.debug_loclists)

.debug_macro
 *(.debug_macro)

.debug_names
 *(.debug_names)

.debug_rnglists
                0x0000000000000000       0x42
 *(.debug_rnglists)
 .debug_rnglists
                0x0000000000000000       0x21 /usr/lib64/gcc/x86_64-suse-linux/13/../../../../lib64/crti.o
 .debug_rnglists
                0x0000000000000021       0x21 /usr/lib64/gcc/x86_64-suse-linux/13/../../../../lib64/crtn.o

.debug_str_offsets
 *(.debug_str_offsets)

.debug_sup
 *(.debug_sup)

.gnu.attributes
 *(.gnu.attributes)

/DISCARD/
 *(.note.GNU-stack)
 *(.gnu_debuglink)
 *(.gnu.lto_*)
OUTPUT(searching elf64-x86-64)
